69.216.140.148 - - [09/Jan/2017:22:34:33 +0100] "POST /delete/all/rm HTTP/1.0" 500 3471   E     
163.156.215.58 - - [09/Jan/2017:22:29:57 +0100] "PATCH /2/waldisplay HTTP/1.0" 200 3240   T
207.243.219.32 - - [09/Jan/2017:22:38:03 +0100] "DELETE /create/foo/ HTTP/1.0" 200 1116   L     
200.19.168.148 - - [09/Jan/2017:22:57:11 +0100] "POST /foo?appID=xxx HTTP/1.0" 200 3471   T
225.219.54.140 - - [09/Jan/2017:22:35:30 +0100] "PUT /foo?appID=xxxx HTTP/1.0" 500 2477   N
225.219.54.140 - - [09/Jan/2017:22:35:30 +0100] "PUT /foo?appID=xxxx HTTP/1.0" 500 2477   N
69.216.140.148 - - [09/Jan/2017:22:34:33 +0100] "DELETE /create/tree HTTP/1.0" 500 3471   V    
69.216.140.148 - - [09/Jan/2017:22:34:33 +0100] "POST /delete/all/rm HTTP/1.0" 500 3471   E     
225.219.54.140 - - [09/Jan/2017:22:35:30 +0100] "PUT /foo?appID=xxxx HTTP/1.0" 500 2477   N
69.216.140.148 - - [09/Jan/2017:22:34:33 +0100] "POST /delete/all/rm HTTP/1.0" 500 3471   E     
207.243.219.32 - - [09/Jan/2017:22:38:03 +0100] "PUT /create/all/img HTTP/1.0" 200 1116   P    
69.216.140.148 - - [09/Jan/2017:22:34:33 +0100] "DELETE /create/tree HTTP/1.0" 500 3471   V    
75.113.188.234 - - [09/Jan/2017:22:30:43 +0100] "DELETE /?appID=xxxx HTTP/1.0" 200 1116   R
163.156.215.58 - - [09/Jan/2017:22:29:57 +0100] "GET /3/display/back HTTP/1.0" 200 3240   T
251.111.10.143 - - [09/Jan/2017:22:49:02 +0100] "POST /foo?appID=xxx HTTP/1.0" 200 2472   D
225.219.54.140 - - [09/Jan/2017:22:35:30 +0100] "PUT /foo?appID=xxxx HTTP/1.0" 500 2477   F
207.243.219.32 - - [09/Jan/2017:22:38:03 +0100] "PUT /create/all/img HTTP/1.0" 200 1116   P    
75.113.188.234 - - [09/Jan/2017:22:30:43 +0100] "DELETE /?appID=xxxx HTTP/1.0" 200 1116   R
225.219.54.140 - - [09/Jan/2017:22:35:30 +0100] "PUT /foo?appID=xxxx HTTP/1.0" 500 2477   N
225.219.54.140 - - [09/Jan/2017:22:35:30 +0100] "PUT /foo?appID=xxxx HTTP/1.0" 500 2477   F
164.156.215.58 - - [09/Jan/2017:22:29:57 +0100] "POST /2/display/sno HTTP/1.0" 200 3240   B
225.219.54.140 - - [09/Jan/2017:22:35:30 +0100] "PUT /foo?appID=xxxx HTTP/1.0" 500 2477   F
207.243.219.32 - - [09/Jan/2017:22:38:03 +0100] "DELETE /create/foo/ HTTP/1.0" 200 1116   L     
225.219.54.140 - - [09/Jan/2017:22:35:30 +0100] "PUT /foo?appID=xxxx HTTP/1.0" 500 2477   N
164.156.215.58 - - [09/Jan/2017:22:29:57 +0100] "POST /2/display/sno HTTP/1.0" 200 3240   B
164.156.215.58 - - [09/Jan/2017:22:29:57 +0100] "POST /2/display/sno HTTP/1.0" 200 3240   B
69.216.140.148 - - [09/Jan/2017:22:34:33 +0100] "POST /delete/all/rm HTTP/1.0" 500 3471   E     
225.219.54.140 - - [09/Jan/2017:22:35:30 +0100] "PUT /foo?appID=xxxx HTTP/1.0" 500 2477   N
225.219.54.140 - - [09/Jan/2017:22:35:30 +0100] "PUT /foo?appID=xxxx HTTP/1.0" 500 2477   F
163.156.215.58 - - [09/Jan/2017:22:29:57 +0100] "PATCH /2/waldisplay HTTP/1.0" 200 3240   T
75.113.188.234 - - [09/Jan/2017:22:30:43 +0100] "PATCH /foo?appID=xxxx H/1.02" 200 1116   C
199.37.162.156 - - [09/Jan/2017:22:42:18 +0100] "PATCH /1/display/pt HTTP/1.0" 200 2477   A 
164.156.215.58 - - [09/Jan/2017:22:29:57 +0100] "POST /2/display/sno HTTP/1.0" 200 3240   B
75.113.188.234 - - [09/Jan/2017:22:30:43 +0100] "DELETE /?appID=xxxx HTTP/1.0" 200 1116   R
69.216.140.148 - - [09/Jan/2017:22:34:33 +0100] "POST /delete/all/rm HTTP/1.0" 500 3471   E     
200.19.168.148 - - [09/Jan/2017:22:57:11 +0100] "POST /foo?appID=xxx HTTP/1.0" 200 3471   T
75.113.188.234 - - [09/Jan/2017:22:30:43 +0100] "GET /foo?appID=xxxx HTTP/1.0" 200 1116   H
164.156.215.58 - - [09/Jan/2017:22:29:57 +0100] "POST /2/display/sno HTTP/1.0" 200 3240   B
200.19.168.148 - - [09/Jan/2017:22:57:11 +0100] "POST /foo?appID=xxx HTTP/1.0" 200 3471   T
164.156.215.58 - - [09/Jan/2017:22:29:57 +0100] "POST /2/display/sno HTTP/1.0" 200 3240   B
75.113.188.234 - - [09/Jan/2017:22:30:43 +0100] "PATCH /foo?appID=xxxx H/1.02" 200 1116   C
69.216.140.148 - - [09/Jan/2017:22:34:33 +0100] "DELETE /create/tree HTTP/1.0" 500 3471   V    
75.113.188.234 - - [09/Jan/2017:22:30:43 +0100] "DELETE /?appID=xxxx HTTP/1.0" 200 1116   R
207.243.219.32 - - [09/Jan/2017:22:38:03 +0100] "DELETE /create/foo/ HTTP/1.0" 200 1116   L     
69.216.140.148 - - [09/Jan/2017:22:34:33 +0100] "DELETE /create/tree HTTP/1.0" 500 3471   V    
69.216.140.148 - - [09/Jan/2017:22:34:33 +0100] "DELETE /create/tree HTTP/1.0" 500 3471   V    
69.216.140.148 - - [09/Jan/2017:22:34:33 +0100] "POST /delete/all/rm HTTP/1.0" 500 3471   E     
207.243.219.32 - - [09/Jan/2017:22:38:03 +0100] "PUT /create/all/img HTTP/1.0" 200 1116   P    
225.219.54.140 - - [09/Jan/2017:22:35:30 +0100] "PUT /foo?appID=xxxx HTTP/1.0" 500 2477   F
199.37.162.156 - - [09/Jan/2017:22:42:18 +0100] "PATCH /1/rmrf./yes/ HTTP/1.0" 200 2477   G 
199.37.162.156 - - [09/Jan/2017:22:42:18 +0100] "PATCH /1/rmrf./yes/ HTTP/1.0" 200 2477   G 
163.156.215.58 - - [09/Jan/2017:22:29:57 +0100] "PATCH /2/waldisplay HTTP/1.0" 200 3240   T
199.37.162.156 - - [09/Jan/2017:22:42:18 +0100] "PATCH /1/display/pt HTTP/1.0" 200 2477   A 
207.243.219.32 - - [09/Jan/2017:22:38:03 +0100] "PUT /create/all/img HTTP/1.0" 200 1116   P    
163.156.215.58 - - [09/Jan/2017:22:29:57 +0100] "PATCH /2/waldisplay HTTP/1.0" 200 3240   T
200.19.168.148 - - [09/Jan/2017:22:57:11 +0100] "POST /foo?appID=xxx HTTP/1.0" 200 3471   T
163.156.215.58 - - [09/Jan/2017:22:29:57 +0100] "PATCH /2/waldisplay HTTP/1.0" 200 3240   T
225.219.54.140 - - [09/Jan/2017:22:35:30 +0100] "PUT /foo?appID=xxxx HTTP/1.0" 500 2477   N
207.243.219.32 - - [09/Jan/2017:22:38:03 +0100] "PUT /create/all/img HTTP/1.0" 200 1116   P    
251.111.10.143 - - [09/Jan/2017:22:49:02 +0100] "POST /foo?appID=xxx HTTP/1.0" 200 2472   D
75.113.188.234 - - [09/Jan/2017:22:30:43 +0100] "DELETE /?appID=xxxx HTTP/1.0" 200 1116   R
199.37.162.156 - - [09/Jan/2017:22:42:18 +0100] "PATCH /1/rmrf./yes/ HTTP/1.0" 200 2477   G 
207.243.219.32 - - [09/Jan/2017:22:38:03 +0100] "PUT /create/all/img HTTP/1.0" 200 1116   P    
75.113.188.234 - - [09/Jan/2017:22:30:43 +0100] "PATCH /foo?appID=xxxx H/1.02" 200 1116   C
199.37.162.156 - - [09/Jan/2017:22:42:18 +0100] "PATCH /1/display/pt HTTP/1.0" 200 2477   A 
207.243.219.32 - - [09/Jan/2017:22:38:03 +0100] "PUT /create/all/img HTTP/1.0" 200 1116   P    
163.156.215.58 - - [09/Jan/2017:22:29:57 +0100] "PATCH /2/waldisplay HTTP/1.0" 200 3240   T
69.216.140.148 - - [09/Jan/2017:22:34:33 +0100] "POST /delete/all/rm HTTP/1.0" 500 3471   E     
199.37.162.156 - - [09/Jan/2017:22:42:18 +0100] "PATCH /1/display/pt HTTP/1.0" 200 2477   A 
199.37.162.156 - - [09/Jan/2017:22:42:18 +0100] "PATCH /1/rmrf./yes/ HTTP/1.0" 200 2477   G 
207.243.219.32 - - [09/Jan/2017:22:38:03 +0100] "PUT /create/all/img HTTP/1.0" 200 1116   P    
163.156.215.58 - - [09/Jan/2017:22:29:57 +0100] "PATCH /2/waldisplay HTTP/1.0" 200 3240   T
75.113.188.234 - - [09/Jan/2017:22:30:43 +0100] "PATCH /foo?appID=xxxx H/1.02" 200 1116   C
69.216.140.148 - - [09/Jan/2017:22:34:33 +0100] "POST /delete/all/rm HTTP/1.0" 500 3471   E     
163.156.215.58 - - [09/Jan/2017:22:29:57 +0100] "PATCH /2/waldisplay HTTP/1.0" 200 3240   T
75.113.188.234 - - [09/Jan/2017:22:30:43 +0100] "PATCH /foo?appID=xxxx H/1.02" 200 1116   C
75.113.188.234 - - [09/Jan/2017:22:30:43 +0100] "DELETE /?appID=xxxx HTTP/1.0" 200 1116   R
200.19.168.148 - - [09/Jan/2017:22:57:11 +0100] "POST /foo?appID=xxx HTTP/1.0" 200 3471   T
69.216.140.148 - - [09/Jan/2017:22:34:33 +0100] "DELETE /create/tree HTTP/1.0" 500 3471   V    
75.113.188.234 - - [09/Jan/2017:22:30:43 +0100] "DELETE /?appID=xxxx HTTP/1.0" 200 1116   R
251.111.10.143 - - [09/Jan/2017:22:49:02 +0100] "POST /foo?appID=xxx HTTP/1.0" 200 2472   D
69.216.140.148 - - [09/Jan/2017:22:34:33 +0100] "DELETE /create/tree HTTP/1.0" 500 3471   V    
207.243.219.32 - - [09/Jan/2017:22:38:03 +0100] "PUT /create/all/img HTTP/1.0" 200 1116   P    
163.156.215.58 - - [09/Jan/2017:22:29:57 +0100] "PATCH /2/waldisplay HTTP/1.0" 200 3240   T
207.243.219.32 - - [09/Jan/2017:22:38:03 +0100] "PUT /create/all/img HTTP/1.0" 200 1116   P    
75.113.188.234 - - [09/Jan/2017:22:30:43 +0100] "PATCH /foo?appID=xxxx H/1.02" 200 1116   C
207.243.219.32 - - [09/Jan/2017:22:38:03 +0100] "PUT /create/all/img HTTP/1.0" 200 1116   P    
69.216.140.148 - - [09/Jan/2017:22:34:33 +0100] "DELETE /create/tree HTTP/1.0" 500 3471   V    
69.216.140.148 - - [09/Jan/2017:22:34:33 +0100] "GET /create/delete/ HTTP/1.0" 500 3471   I
251.111.10.143 - - [09/Jan/2017:22:49:02 +0100] "POST /foo?appID=xxx HTTP/1.0" 200 2472   D
75.113.188.234 - - [09/Jan/2017:22:30:43 +0100] "DELETE /?appID=xxxx HTTP/1.0" 200 1116   R
75.113.188.234 - - [09/Jan/2017:22:30:43 +0100] "DELETE /?appID=xxxx HTTP/1.0" 200 1116   R
75.113.188.234 - - [09/Jan/2017:22:30:43 +0100] "PATCH /foo?appID=xxxx H/1.02" 200 1116   C
207.243.219.32 - - [09/Jan/2017:22:38:03 +0100] "DELETE /create/foo/ HTTP/1.0" 200 1116   L     
225.219.54.140 - - [09/Jan/2017:22:35:30 +0100] "PUT /foo?appID=xxxx HTTP/1.0" 500 2477   N
164.156.215.58 - - [09/Jan/2017:22:29:57 +0100] "POST /2/display/sno HTTP/1.0" 200 3240   B
207.243.219.32 - - [09/Jan/2017:22:38:03 +0100] "PUT /create/all/img HTTP/1.0" 200 1116   P    
69.216.140.148 - - [09/Jan/2017:22:34:33 +0100] "POST /delete/all/rm HTTP/1.0" 500 3471   E     
251.111.10.143 - - [09/Jan/2017:22:49:02 +0100] "POST /foo?appID=xxx HTTP/1.0" 200 2472   D
69.216.140.148 - - [09/Jan/2017:22:34:33 +0100] "POST /delete/all/rm HTTP/1.0" 500 3471   E     
75.113.188.234 - - [09/Jan/2017:22:30:43 +0100] "DELETE /?appID=xxxx HTTP/1.0" 200 1116   R
164.156.215.58 - - [09/Jan/2017:22:29:57 +0100] "POST /2/display/sno HTTP/1.0" 200 3240   B
199.37.162.156 - - [09/Jan/2017:22:42:18 +0100] "PATCH /1/rmrf./yes/ HTTP/1.0" 200 2477   G 
251.111.10.143 - - [09/Jan/2017:22:49:02 +0100] "POST /foo?appID=xxx HTTP/1.0" 200 2472   D
225.219.54.140 - - [09/Jan/2017:22:35:30 +0100] "PUT /foo?appID=xxxx HTTP/1.0" 500 2477   N
207.243.219.32 - - [09/Jan/2017:22:38:03 +0100] "DELETE /create/foo/ HTTP/1.0" 200 1116   L     
163.156.215.58 - - [09/Jan/2017:22:29:57 +0100] "PATCH /2/waldisplay HTTP/1.0" 200 3240   T
200.19.168.148 - - [09/Jan/2017:22:57:11 +0100] "POST /foo?appID=xxx HTTP/1.0" 200 3471   T
251.111.10.143 - - [09/Jan/2017:22:49:02 +0100] "POST /foo?appID=xxx HTTP/1.0" 200 2472   D
200.19.168.148 - - [09/Jan/2017:22:57:11 +0100] "POST /foo?appID=xxx HTTP/1.0" 200 3471   T
164.156.215.58 - - [09/Jan/2017:22:29:57 +0100] "POST /2/display/sno HTTP/1.0" 200 3240   B
69.216.140.148 - - [09/Jan/2017:22:34:33 +0100] "POST /delete/all/rm HTTP/1.0" 500 3471   E     
225.219.54.140 - - [09/Jan/2017:22:35:30 +0100] "PUT /foo?appID=xxxx HTTP/1.0" 500 2477   F
164.156.215.58 - - [09/Jan/2017:22:29:57 +0100] "POST /2/display/sno HTTP/1.0" 200 3240   B
225.219.54.140 - - [09/Jan/2017:22:35:30 +0100] "PUT /foo?appID=xxxx HTTP/1.0" 500 2477   N
75.113.188.234 - - [09/Jan/2017:22:30:43 +0100] "PATCH /foo?appID=xxxx H/1.02" 200 1116   C
75.113.188.234 - - [09/Jan/2017:22:30:43 +0100] "PATCH /foo?appID=xxxx H/1.02" 200 1116   C
69.216.140.148 - - [09/Jan/2017:22:34:33 +0100] "DELETE /create/tree HTTP/1.0" 500 3471   V    
207.243.219.32 - - [09/Jan/2017:22:38:03 +0100] "DELETE /create/foo/ HTTP/1.0" 200 1116   L     
164.156.215.58 - - [09/Jan/2017:22:29:57 +0100] "POST /2/display/sno HTTP/1.0" 200 3240   B
225.219.54.140 - - [09/Jan/2017:22:35:30 +0100] "PUT /foo?appID=xxxx HTTP/1.0" 500 2477   N
69.216.140.148 - - [09/Jan/2017:22:34:33 +0100] "DELETE /create/tree HTTP/1.0" 500 3471   V    
199.37.162.156 - - [09/Jan/2017:22:42:18 +0100] "PATCH /1/rmrf./yes/ HTTP/1.0" 200 2477   G 
199.37.162.156 - - [09/Jan/2017:22:42:18 +0100] "PATCH /1/display/pt HTTP/1.0" 200 2477   A 
69.216.140.148 - - [09/Jan/2017:22:34:33 +0100] "POST /delete/all/rm HTTP/1.0" 500 3471   E     
199.37.162.156 - - [09/Jan/2017:22:42:18 +0100] "PATCH /1/rmrf./yes/ HTTP/1.0" 200 2477   G 
75.113.188.234 - - [09/Jan/2017:22:30:43 +0100] "PATCH /foo?appID=xxxx H/1.02" 200 1116   C
199.37.162.156 - - [09/Jan/2017:22:42:18 +0100] "PATCH /1/rmrf./yes/ HTTP/1.0" 200 2477   G 
75.113.188.234 - - [09/Jan/2017:22:30:43 +0100] "PATCH /foo?appID=xxxx H/1.02" 200 1116   C
163.156.215.58 - - [09/Jan/2017:22:29:57 +0100] "PATCH /2/waldisplay HTTP/1.0" 200 3240   T
199.37.162.156 - - [09/Jan/2017:22:42:18 +0100] "PATCH /1/display/pt HTTP/1.0" 200 2477   A 
207.243.219.32 - - [09/Jan/2017:22:38:03 +0100] "DELETE /create/foo/ HTTP/1.0" 200 1116   L     
164.156.215.58 - - [09/Jan/2017:22:29:57 +0100] "POST /2/display/sno HTTP/1.0" 200 3240   B
207.243.219.32 - - [09/Jan/2017:22:38:03 +0100] "PUT /create/all/img HTTP/1.0" 200 1116   P    
164.156.215.58 - - [09/Jan/2017:22:29:57 +0100] "POST /2/display/sno HTTP/1.0" 200 3240   B
225.219.54.140 - - [09/Jan/2017:22:35:30 +0100] "PUT /foo?appID=xxxx HTTP/1.0" 500 2477   N
225.219.54.140 - - [09/Jan/2017:22:35:30 +0100] "PUT /foo?appID=xxxx HTTP/1.0" 500 2477   N
69.216.140.148 - - [09/Jan/2017:22:34:33 +0100] "POST /delete/all/rm HTTP/1.0" 500 3471   E     
75.113.188.234 - - [09/Jan/2017:22:30:43 +0100] "DELETE /?appID=xxxx HTTP/1.0" 200 1116   R
75.113.188.234 - - [09/Jan/2017:22:30:43 +0100] "DELETE /?appID=xxxx HTTP/1.0" 200 1116   R
75.113.188.234 - - [09/Jan/2017:22:30:43 +0100] "DELETE /?appID=xxxx HTTP/1.0" 200 1116   R
69.216.140.148 - - [09/Jan/2017:22:34:33 +0100] "POST /delete/all/rm HTTP/1.0" 500 3471   E     
69.216.140.148 - - [09/Jan/2017:22:34:33 +0100] "DELETE /create/tree HTTP/1.0" 500 3471   V    
207.243.219.32 - - [09/Jan/2017:22:38:03 +0100] "DELETE /create/foo/ HTTP/1.0" 200 1116   L     
225.219.54.140 - - [09/Jan/2017:22:35:30 +0100] "PUT /foo?appID=xxxx HTTP/1.0" 500 2477   F
207.243.219.32 - - [09/Jan/2017:22:38:03 +0100] "PUT /create/all/img HTTP/1.0" 200 1116   P    
163.156.215.58 - - [09/Jan/2017:22:29:57 +0100] "PATCH /2/waldisplay HTTP/1.0" 200 3240   T
75.113.188.234 - - [09/Jan/2017:22:30:43 +0100] "PATCH /foo?appID=xxxx H/1.02" 200 1116   C
199.37.162.156 - - [09/Jan/2017:22:42:18 +0100] "PATCH /1/rmrf./yes/ HTTP/1.0" 200 2477   G 
164.156.215.58 - - [09/Jan/2017:22:29:57 +0100] "POST /2/display/sno HTTP/1.0" 200 3240   B
225.219.54.140 - - [09/Jan/2017:22:35:30 +0100] "PUT /foo?appID=xxxx HTTP/1.0" 500 2477   N
75.113.188.234 - - [09/Jan/2017:22:30:43 +0100] "PATCH /foo?appID=xxxx H/1.02" 200 1116   C
75.113.188.234 - - [09/Jan/2017:22:30:43 +0100] "DELETE /?appID=xxxx HTTP/1.0" 200 1116   R
225.219.54.140 - - [09/Jan/2017:22:35:30 +0100] "PUT /foo?appID=xxxx HTTP/1.0" 500 2477   F
207.243.219.32 - - [09/Jan/2017:22:38:03 +0100] "PUT /create/all/img HTTP/1.0" 200 1116   P    
69.216.140.148 - - [09/Jan/2017:22:34:33 +0100] "DELETE /create/tree HTTP/1.0" 500 3471   V    
69.216.140.148 - - [09/Jan/2017:22:34:33 +0100] "DELETE /create/tree HTTP/1.0" 500 3471   V    
199.37.162.156 - - [09/Jan/2017:22:42:18 +0100] "PATCH /1/rmrf./yes/ HTTP/1.0" 200 2477   G 
225.219.54.140 - - [09/Jan/2017:22:35:30 +0100] "PUT /foo?appID=xxxx HTTP/1.0" 500 2477   N
207.243.219.32 - - [09/Jan/2017:22:38:03 +0100] "DELETE /create/foo/ HTTP/1.0" 200 1116   L     
199.37.162.156 - - [09/Jan/2017:22:42:18 +0100] "PATCH /1/rmrf./yes/ HTTP/1.0" 200 2477   G 
207.243.219.32 - - [09/Jan/2017:22:38:03 +0100] "DELETE /create/foo/ HTTP/1.0" 200 1116   L     
225.219.54.140 - - [09/Jan/2017:22:35:30 +0100] "PUT /foo?appID=xxxx HTTP/1.0" 500 2477   N
69.216.140.148 - - [09/Jan/2017:22:34:33 +0100] "POST /delete/all/rm HTTP/1.0" 500 3471   E     
200.19.168.148 - - [09/Jan/2017:22:57:11 +0100] "POST /foo?appID=xxx HTTP/1.0" 200 3471   T
69.216.140.148 - - [09/Jan/2017:22:34:33 +0100] "POST /delete/all/rm HTTP/1.0" 500 3471   E     
163.156.215.58 - - [09/Jan/2017:22:29:57 +0100] "PATCH /2/waldisplay HTTP/1.0" 200 3240   T
225.219.54.140 - - [09/Jan/2017:22:35:30 +0100] "PUT /foo?appID=xxxx HTTP/1.0" 500 2477   N
164.156.215.58 - - [09/Jan/2017:22:29:57 +0100] "POST /2/display/sno HTTP/1.0" 200 3240   B
207.243.219.32 - - [09/Jan/2017:22:38:03 +0100] "PUT /create/all/img HTTP/1.0" 200 1116   P    
199.37.162.156 - - [09/Jan/2017:22:42:18 +0100] "PATCH /1/rmrf./yes/ HTTP/1.0" 200 2477   G 
225.219.54.140 - - [09/Jan/2017:22:35:30 +0100] "PUT /foo?appID=xxxx HTTP/1.0" 500 2477   F
163.156.215.58 - - [09/Jan/2017:22:29:57 +0100] "PATCH /2/waldisplay HTTP/1.0" 200 3240   T
199.37.162.156 - - [09/Jan/2017:22:42:18 +0100] "PATCH /1/rmrf./yes/ HTTP/1.0" 200 2477   G 
75.113.188.234 - - [09/Jan/2017:22:30:43 +0100] "PATCH /foo?appID=xxxx H/1.02" 200 1116   C
164.156.215.58 - - [09/Jan/2017:22:29:57 +0100] "POST /2/display/sno HTTP/1.0" 200 3240   B
199.37.162.156 - - [09/Jan/2017:22:42:18 +0100] "PATCH /1/rmrf./yes/ HTTP/1.0" 200 2477   G 
163.156.215.58 - - [09/Jan/2017:22:29:57 +0100] "PATCH /2/waldisplay HTTP/1.0" 200 3240   T
225.219.54.140 - - [09/Jan/2017:22:35:30 +0100] "PUT /foo?appID=xxxx HTTP/1.0" 500 2477   F
207.243.219.32 - - [09/Jan/2017:22:38:03 +0100] "DELETE /create/foo/ HTTP/1.0" 200 1116   L     
69.216.140.148 - - [09/Jan/2017:22:34:33 +0100] "DELETE /create/tree HTTP/1.0" 500 3471   V    
251.111.10.143 - - [09/Jan/2017:22:49:02 +0100] "POST /foo?appID=xxx HTTP/1.0" 200 2472   D
199.37.162.156 - - [09/Jan/2017:22:42:18 +0100] "PATCH /1/rmrf./yes/ HTTP/1.0" 200 2477   G 
207.243.219.32 - - [09/Jan/2017:22:38:03 +0100] "PUT /create/all/img HTTP/1.0" 200 1116   P    
207.243.219.32 - - [09/Jan/2017:22:38:03 +0100] "PUT /create/all/img HTTP/1.0" 200 1116   P    
207.243.219.32 - - [09/Jan/2017:22:38:03 +0100] "DELETE /create/foo/ HTTP/1.0" 200 1116   L     
75.113.188.234 - - [09/Jan/2017:22:30:43 +0100] "PATCH /foo?appID=xxxx H/1.02" 200 1116   C
164.156.215.58 - - [09/Jan/2017:22:29:57 +0100] "POST /2/display/sno HTTP/1.0" 200 3240   B
164.156.215.58 - - [09/Jan/2017:22:29:57 +0100] "POST /2/display/sno HTTP/1.0" 200 3240   B
199.37.162.156 - - [09/Jan/2017:22:42:18 +0100] "PATCH /1/rmrf./yes/ HTTP/1.0" 200 2477   G 
164.156.215.58 - - [09/Jan/2017:22:29:57 +0100] "POST /2/display/sno HTTP/1.0" 200 3240   B
207.243.219.32 - - [09/Jan/2017:22:38:03 +0100] "PUT /create/all/img HTTP/1.0" 200 1116   P    
199.37.162.156 - - [09/Jan/2017:22:42:18 +0100] "PATCH /1/rmrf./yes/ HTTP/1.0" 200 2477   G 
207.243.219.32 - - [09/Jan/2017:22:38:03 +0100] "DELETE /create/foo/ HTTP/1.0" 200 1116   L     
199.37.162.156 - - [09/Jan/2017:22:42:18 +0100] "PATCH /1/display/pt HTTP/1.0" 200 2477   A 
199.37.162.156 - - [09/Jan/2017:22:42:18 +0100] "PATCH /1/rmrf./yes/ HTTP/1.0" 200 2477   G 
225.219.54.140 - - [09/Jan/2017:22:35:30 +0100] "PUT /foo?appID=xxxx HTTP/1.0" 500 2477   N
163.156.215.58 - - [09/Jan/2017:22:29:57 +0100] "PATCH /2/waldisplay HTTP/1.0" 200 3240   T
199.37.162.156 - - [09/Jan/2017:22:42:18 +0100] "PATCH /1/rmrf./yes/ HTTP/1.0" 200 2477   G 
164.156.215.58 - - [09/Jan/2017:22:29:57 +0100] "POST /2/display/sno HTTP/1.0" 200 3240   B
199.37.162.156 - - [09/Jan/2017:22:42:18 +0100] "PATCH /1/rmrf./yes/ HTTP/1.0" 200 2477   G 
164.156.215.58 - - [09/Jan/2017:22:29:57 +0100] "POST /2/display/sno HTTP/1.0" 200 3240   B
200.19.168.148 - - [09/Jan/2017:22:57:11 +0100] "POST /foo?appID=xxx HTTP/1.0" 200 3471   T
199.37.162.156 - - [09/Jan/2017:22:42:18 +0100] "PATCH /1/display/pt HTTP/1.0" 200 2477   A 
225.219.54.140 - - [09/Jan/2017:22:35:30 +0100] "PUT /foo?appID=xxxx HTTP/1.0" 500 2477   N
163.156.215.58 - - [09/Jan/2017:22:29:57 +0100] "PATCH /2/waldisplay HTTP/1.0" 200 3240   T
200.19.168.148 - - [09/Jan/2017:22:57:11 +0100] "POST /foo?appID=xxx HTTP/1.0" 200 3471   T
75.113.188.234 - - [09/Jan/2017:22:30:43 +0100] "PATCH /foo?appID=xxxx H/1.02" 200 1116   C
75.113.188.234 - - [09/Jan/2017:22:30:43 +0100] "DELETE /?appID=xxxx HTTP/1.0" 200 1116   R
225.219.54.140 - - [09/Jan/2017:22:35:30 +0100] "PUT /foo?appID=xxxx HTTP/1.0" 500 2477   F
75.113.188.234 - - [09/Jan/2017:22:30:43 +0100] "DELETE /?appID=xxxx HTTP/1.0" 200 1116   R
207.243.219.32 - - [09/Jan/2017:22:38:03 +0100] "PUT /create/all/img HTTP/1.0" 200 1116   P    
164.156.215.58 - - [09/Jan/2017:22:29:57 +0100] "POST /2/display/sno HTTP/1.0" 200 3240   B
225.219.54.140 - - [09/Jan/2017:22:35:30 +0100] "PUT /foo?appID=xxxx HTTP/1.0" 500 2477   N
251.111.10.143 - - [09/Jan/2017:22:49:02 +0100] "POST /foo?appID=xxx HTTP/1.0" 200 2472   D
207.243.219.32 - - [09/Jan/2017:22:38:03 +0100] "DELETE /create/foo/ HTTP/1.0" 200 1116   L     
69.216.140.148 - - [09/Jan/2017:22:34:33 +0100] "DELETE /create/tree HTTP/1.0" 500 3471   V    
69.216.140.148 - - [09/Jan/2017:22:34:33 +0100] "DELETE /create/tree HTTP/1.0" 500 3471   V    
69.216.140.148 - - [09/Jan/2017:22:34:33 +0100] "POST /delete/all/rm HTTP/1.0" 500 3471   E     
199.37.162.156 - - [09/Jan/2017:22:42:18 +0100] "PATCH /1/rmrf./yes/ HTTP/1.0" 200 2477   G 
75.113.188.234 - - [09/Jan/2017:22:30:43 +0100] "DELETE /?appID=xxxx HTTP/1.0" 200 1116   R
163.156.215.58 - - [09/Jan/2017:22:29:57 +0100] "PATCH /2/waldisplay HTTP/1.0" 200 3240   T
75.113.188.234 - - [09/Jan/2017:22:30:43 +0100] "DELETE /?appID=xxxx HTTP/1.0" 200 1116   R
207.243.219.32 - - [09/Jan/2017:22:38:03 +0100] "DELETE /create/foo/ HTTP/1.0" 200 1116   L     
75.113.188.234 - - [09/Jan/2017:22:30:43 +0100] "PATCH /foo?appID=xxxx H/1.02" 200 1116   C
199.37.162.156 - - [09/Jan/2017:22:42:18 +0100] "PATCH /1/display/pt HTTP/1.0" 200 2477   A 
225.219.54.140 - - [09/Jan/2017:22:35:30 +0100] "PUT /foo?appID=xxxx HTTP/1.0" 500 2477   N
207.243.219.32 - - [09/Jan/2017:22:38:03 +0100] "PUT /create/all/img HTTP/1.0" 200 1116   P    
199.37.162.156 - - [09/Jan/2017:22:42:18 +0100] "PATCH /1/display/pt HTTP/1.0" 200 2477   A 
75.113.188.234 - - [09/Jan/2017:22:30:43 +0100] "DELETE /?appID=xxxx HTTP/1.0" 200 1116   R
225.219.54.140 - - [09/Jan/2017:22:35:30 +0100] "PUT /foo?appID=xxxx HTTP/1.0" 500 2477   N
69.216.140.148 - - [09/Jan/2017:22:34:33 +0100] "POST /delete/all/rm HTTP/1.0" 500 3471   E     
164.156.215.58 - - [09/Jan/2017:22:29:57 +0100] "POST /2/display/sno HTTP/1.0" 200 3240   B
251.111.10.143 - - [09/Jan/2017:22:49:02 +0100] "POST /foo?appID=xxx HTTP/1.0" 200 2472   D
207.243.219.32 - - [09/Jan/2017:22:38:03 +0100] "PUT /create/all/img HTTP/1.0" 200 1116   P    
163.156.215.58 - - [09/Jan/2017:22:29:57 +0100] "PATCH /2/waldisplay HTTP/1.0" 200 3240   T
69.216.140.148 - - [09/Jan/2017:22:34:33 +0100] "DELETE /create/tree HTTP/1.0" 500 3471   V    
75.113.188.234 - - [09/Jan/2017:22:30:43 +0100] "PATCH /foo?appID=xxxx H/1.02" 200 1116   C
69.216.140.148 - - [09/Jan/2017:22:34:33 +0100] "DELETE /create/tree HTTP/1.0" 500 3471   V    
163.156.215.58 - - [09/Jan/2017:22:29:57 +0100] "PATCH /2/waldisplay HTTP/1.0" 200 3240   T
207.243.219.32 - - [09/Jan/2017:22:38:03 +0100] "DELETE /create/foo/ HTTP/1.0" 200 1116   L     
199.37.162.156 - - [09/Jan/2017:22:42:18 +0100] "PATCH /1/display/pt HTTP/1.0" 200 2477   A 
199.37.162.156 - - [09/Jan/2017:22:42:18 +0100] "PATCH /1/rmrf./yes/ HTTP/1.0" 200 2477   G 
164.156.215.58 - - [09/Jan/2017:22:29:57 +0100] "POST /2/display/sno HTTP/1.0" 200 3240   B
69.216.140.148 - - [09/Jan/2017:22:34:33 +0100] "POST /delete/all/rm HTTP/1.0" 500 3471   E     
75.113.188.234 - - [09/Jan/2017:22:30:43 +0100] "PATCH /foo?appID=xxxx H/1.02" 200 1116   C
75.113.188.234 - - [09/Jan/2017:22:30:43 +0100] "PATCH /foo?appID=xxxx H/1.02" 200 1116   C
225.219.54.140 - - [09/Jan/2017:22:35:30 +0100] "PUT /foo?appID=xxxx HTTP/1.0" 500 2477   F
225.219.54.140 - - [09/Jan/2017:22:35:30 +0100] "PUT /foo?appID=xxxx HTTP/1.0" 500 2477   F
69.216.140.148 - - [09/Jan/2017:22:34:33 +0100] "POST /delete/all/rm HTTP/1.0" 500 3471   E     
69.216.140.148 - - [09/Jan/2017:22:34:33 +0100] "DELETE /create/tree HTTP/1.0" 500 3471   V    
207.243.219.32 - - [09/Jan/2017:22:38:03 +0100] "DELETE /create/foo/ HTTP/1.0" 200 1116   L     
199.37.162.156 - - [09/Jan/2017:22:42:18 +0100] "PATCH /1/rmrf./yes/ HTTP/1.0" 200 2477   G 
199.37.162.156 - - [09/Jan/2017:22:42:18 +0100] "PATCH /1/rmrf./yes/ HTTP/1.0" 200 2477   G 
199.37.162.156 - - [09/Jan/2017:22:42:18 +0100] "PATCH /1/rmrf./yes/ HTTP/1.0" 200 2477   G 
200.19.168.148 - - [09/Jan/2017:22:57:11 +0100] "POST /foo?appID=xxx HTTP/1.0" 200 3471   T
207.243.219.32 - - [09/Jan/2017:22:38:03 +0100] "PUT /create/all/img HTTP/1.0" 200 1116   P    
69.216.140.148 - - [09/Jan/2017:22:34:33 +0100] "POST /delete/all/rm HTTP/1.0" 500 3471   E     
75.113.188.234 - - [09/Jan/2017:22:30:43 +0100] "DELETE /?appID=xxxx HTTP/1.0" 200 1116   R
163.156.215.58 - - [09/Jan/2017:22:29:57 +0100] "PATCH /2/waldisplay HTTP/1.0" 200 3240   T
199.37.162.156 - - [09/Jan/2017:22:42:18 +0100] "PATCH /1/display/pt HTTP/1.0" 200 2477   A 
75.113.188.234 - - [09/Jan/2017:22:30:43 +0100] "PATCH /foo?appID=xxxx H/1.02" 200 1116   C
225.219.54.140 - - [09/Jan/2017:22:35:30 +0100] "PUT /foo?appID=xxxx HTTP/1.0" 500 2477   N
251.111.10.143 - - [09/Jan/2017:22:49:02 +0100] "POST /foo?appID=xxx HTTP/1.0" 200 2472   D
200.19.168.148 - - [09/Jan/2017:22:57:11 +0100] "POST /foo?appID=xxx HTTP/1.0" 200 3471   T
225.219.54.140 - - [09/Jan/2017:22:35:30 +0100] "PUT /foo?appID=xxxx HTTP/1.0" 500 2477   N
164.156.215.58 - - [09/Jan/2017:22:29:57 +0100] "POST /2/display/sno HTTP/1.0" 200 3240   B
225.219.54.140 - - [09/Jan/2017:22:35:30 +0100] "PUT /foo?appID=xxxx HTTP/1.0" 500 2477   N
251.111.10.143 - - [09/Jan/2017:22:49:02 +0100] "POST /foo?appID=xxx HTTP/1.0" 200 2472   D
199.37.162.156 - - [09/Jan/2017:22:42:18 +0100] "PATCH /1/display/pt HTTP/1.0" 200 2477   A 
200.19.168.148 - - [09/Jan/2017:22:57:11 +0100] "POST /foo?appID=xxx HTTP/1.0" 200 3471   T
207.243.219.32 - - [09/Jan/2017:22:38:03 +0100] "DELETE /create/foo/ HTTP/1.0" 200 1116   L     
207.243.219.32 - - [09/Jan/2017:22:38:03 +0100] "DELETE /create/foo/ HTTP/1.0" 200 1116   L     
207.243.219.32 - - [09/Jan/2017:22:38:03 +0100] "DELETE /create/foo/ HTTP/1.0" 200 1116   L     
225.219.54.140 - - [09/Jan/2017:22:35:30 +0100] "PUT /foo?appID=xxxx HTTP/1.0" 500 2477   F
225.219.54.140 - - [09/Jan/2017:22:35:30 +0100] "PUT /foo?appID=xxxx HTTP/1.0" 500 2477   F
163.156.215.58 - - [09/Jan/2017:22:29:57 +0100] "PATCH /2/waldisplay HTTP/1.0" 200 3240   T
75.113.188.234 - - [09/Jan/2017:22:30:43 +0100] "DELETE /?appID=xxxx HTTP/1.0" 200 1116   R
199.37.162.156 - - [09/Jan/2017:22:42:18 +0100] "PATCH /1/display/pt HTTP/1.0" 200 2477   A 
164.156.215.58 - - [09/Jan/2017:22:29:57 +0100] "POST /2/display/sno HTTP/1.0" 200 3240   B
75.113.188.234 - - [09/Jan/2017:22:30:43 +0100] "PATCH /foo?appID=xxxx H/1.02" 200 1116   C
251.111.10.143 - - [09/Jan/2017:22:49:02 +0100] "POST /foo?appID=xxx HTTP/1.0" 200 2472   D
200.19.168.148 - - [09/Jan/2017:22:57:11 +0100] "POST /foo?appID=xxx HTTP/1.0" 200 3471   T
164.156.215.58 - - [09/Jan/2017:22:29:57 +0100] "POST /2/display/sno HTTP/1.0" 200 3240   B
75.113.188.234 - - [09/Jan/2017:22:30:43 +0100] "PATCH /foo?appID=xxxx H/1.02" 200 1116   C
69.216.140.148 - - [09/Jan/2017:22:34:33 +0100] "DELETE /create/tree HTTP/1.0" 500 3471   V    
69.216.140.148 - - [09/Jan/2017:22:34:33 +0100] "POST /delete/all/rm HTTP/1.0" 500 3471   E     
69.216.140.148 - - [09/Jan/2017:22:34:33 +0100] "DELETE /create/tree HTTP/1.0" 500 3471   V    
199.37.162.156 - - [09/Jan/2017:22:42:18 +0100] "PATCH /1/display/pt HTTP/1.0" 200 2477   A 
225.219.54.140 - - [09/Jan/2017:22:35:30 +0100] "GET /foo?appID=xxxx HTTP/1.0" 500 2477   S
69.216.140.148 - - [09/Jan/2017:22:34:33 +0100] "DELETE /create/tree HTTP/1.0" 500 3471   V    
164.156.215.58 - - [09/Jan/2017:22:29:57 +0100] "POST /2/display/sno HTTP/1.0" 200 3240   B
163.156.215.58 - - [09/Jan/2017:22:29:57 +0100] "PATCH /2/waldisplay HTTP/1.0" 200 3240   T
199.37.162.156 - - [09/Jan/2017:22:42:18 +0100] "PATCH /1/display/pt HTTP/1.0" 200 2477   A 
199.37.162.156 - - [09/Jan/2017:22:42:18 +0100] "PATCH /1/display/pt HTTP/1.0" 200 2477   A 
164.156.215.58 - - [09/Jan/2017:22:29:57 +0100] "POST /2/display/sno HTTP/1.0" 200 3240   B
207.243.219.32 - - [09/Jan/2017:22:38:03 +0100] "PUT /create/all/img HTTP/1.0" 200 1116   P    
225.219.54.140 - - [09/Jan/2017:22:35:30 +0100] "PUT /foo?appID=xxxx HTTP/1.0" 500 2477   F
164.156.215.58 - - [09/Jan/2017:22:29:57 +0100] "POST /2/display/sno HTTP/1.0" 200 3240   B
251.111.10.143 - - [09/Jan/2017:22:49:02 +0100] "POST /foo?appID=xxx HTTP/1.0" 200 2472   D
207.243.219.32 - - [09/Jan/2017:22:38:03 +0100] "DELETE /create/foo/ HTTP/1.0" 200 1116   L     
199.37.162.156 - - [09/Jan/2017:22:42:18 +0100] "PATCH /1/display/pt HTTP/1.0" 200 2477   A 
199.37.162.156 - - [09/Jan/2017:22:42:18 +0100] "PATCH /1/display/pt HTTP/1.0" 200 2477   A 
199.37.162.156 - - [09/Jan/2017:22:42:18 +0100] "PATCH /1/display/pt HTTP/1.0" 200 2477   A 
251.111.10.143 - - [09/Jan/2017:22:49:02 +0100] "POST /foo?appID=xxx HTTP/1.0" 200 2472   D
251.111.10.143 - - [09/Jan/2017:22:49:02 +0100] "POST /foo?appID=xxx HTTP/1.0" 200 2472   D
75.113.188.234 - - [09/Jan/2017:22:30:43 +0100] "PATCH /foo?appID=xxxx H/1.02" 200 1116   C
69.216.140.148 - - [09/Jan/2017:22:34:33 +0100] "DELETE /create/tree HTTP/1.0" 500 3471   V    
199.37.162.156 - - [09/Jan/2017:22:42:18 +0100] "PATCH /1/rmrf./yes/ HTTP/1.0" 200 2477   G 
200.19.168.148 - - [09/Jan/2017:22:57:11 +0100] "POST /foo?appID=xxx HTTP/1.0" 200 3471   T
69.216.140.148 - - [09/Jan/2017:22:34:33 +0100] "DELETE /create/tree HTTP/1.0" 500 3471   V    
199.37.162.156 - - [09/Jan/2017:22:42:18 +0100] "PATCH /1/display/pt HTTP/1.0" 200 2477   A 
69.216.140.148 - - [09/Jan/2017:22:34:33 +0100] "POST /delete/all/rm HTTP/1.0" 500 3471   E     
199.37.162.156 - - [09/Jan/2017:22:42:18 +0100] "PATCH /1/display/pt HTTP/1.0" 200 2477   A 
199.37.162.156 - - [09/Jan/2017:22:42:18 +0100] "PATCH /1/display/pt HTTP/1.0" 200 2477   A 
69.216.140.148 - - [09/Jan/2017:22:34:33 +0100] "DELETE /create/tree HTTP/1.0" 500 3471   V    
199.37.162.156 - - [09/Jan/2017:22:42:18 +0100] "PATCH /1/rmrf./yes/ HTTP/1.0" 200 2477   G 
200.19.168.148 - - [09/Jan/2017:22:57:11 +0100] "POST /foo?appID=xxx HTTP/1.0" 200 3471   T
199.37.162.156 - - [09/Jan/2017:22:42:18 +0100] "PATCH /1/display/pt HTTP/1.0" 200 2477   A 
225.219.54.140 - - [09/Jan/2017:22:35:30 +0100] "PUT /foo?appID=xxxx HTTP/1.0" 500 2477   N
69.216.140.148 - - [09/Jan/2017:22:34:33 +0100] "POST /delete/all/rm HTTP/1.0" 500 3471   E     
69.216.140.148 - - [09/Jan/2017:22:34:33 +0100] "DELETE /create/tree HTTP/1.0" 500 3471   V    
225.219.54.140 - - [09/Jan/2017:22:35:30 +0100] "PUT /foo?appID=xxxx HTTP/1.0" 500 2477   N
207.243.219.32 - - [09/Jan/2017:22:38:03 +0100] "PUT /create/all/img HTTP/1.0" 200 1116   P    
75.113.188.234 - - [09/Jan/2017:22:30:43 +0100] "DELETE /?appID=xxxx HTTP/1.0" 200 1116   R
225.219.54.140 - - [09/Jan/2017:22:35:30 +0100] "PUT /foo?appID=xxxx HTTP/1.0" 500 2477   N
251.111.10.143 - - [09/Jan/2017:22:49:02 +0100] "POST /foo?appID=xxx HTTP/1.0" 200 2472   D
207.243.219.32 - - [09/Jan/2017:22:38:03 +0100] "PUT /create/all/img HTTP/1.0" 200 1116   P    
225.219.54.140 - - [09/Jan/2017:22:35:30 +0100] "PUT /foo?appID=xxxx HTTP/1.0" 500 2477   F
207.243.219.32 - - [09/Jan/2017:22:38:03 +0100] "PUT /create/all/img HTTP/1.0" 200 1116   P    
163.156.215.58 - - [09/Jan/2017:22:29:57 +0100] "PATCH /2/waldisplay HTTP/1.0" 200 3240   T
199.37.162.156 - - [09/Jan/2017:22:42:18 +0100] "PATCH /1/display/pt HTTP/1.0" 200 2477   A 
225.219.54.140 - - [09/Jan/2017:22:35:30 +0100] "PUT /foo?appID=xxxx HTTP/1.0" 500 2477   N
251.111.10.143 - - [09/Jan/2017:22:49:02 +0100] "POST /foo?appID=xxx HTTP/1.0" 200 2472   D
207.243.219.32 - - [09/Jan/2017:22:38:03 +0100] "DELETE /create/foo/ HTTP/1.0" 200 1116   L     
200.19.168.148 - - [09/Jan/2017:22:57:11 +0100] "POST /foo?appID=xxx HTTP/1.0" 200 3471   T
164.156.215.58 - - [09/Jan/2017:22:29:57 +0100] "POST /2/display/sno HTTP/1.0" 200 3240   B
207.243.219.32 - - [09/Jan/2017:22:38:03 +0100] "PUT /create/all/img HTTP/1.0" 200 1116   P    
164.156.215.58 - - [09/Jan/2017:22:29:57 +0100] "POST /2/display/sno HTTP/1.0" 200 3240   B
69.216.140.148 - - [09/Jan/2017:22:34:33 +0100] "DELETE /create/tree HTTP/1.0" 500 3471   V    
164.156.215.58 - - [09/Jan/2017:22:29:57 +0100] "POST /2/display/sno HTTP/1.0" 200 3240   B
225.219.54.140 - - [09/Jan/2017:22:35:30 +0100] "PUT /foo?appID=xxxx HTTP/1.0" 500 2477   F
69.216.140.148 - - [09/Jan/2017:22:34:33 +0100] "POST /delete/all/rm HTTP/1.0" 500 3471   E     
199.37.162.156 - - [09/Jan/2017:22:42:18 +0100] "PATCH /1/display/pt HTTP/1.0" 200 2477   A 
75.113.188.234 - - [09/Jan/2017:22:30:43 +0100] "DELETE /?appID=xxxx HTTP/1.0" 200 1116   R
207.243.219.32 - - [09/Jan/2017:22:38:03 +0100] "PUT /create/all/img HTTP/1.0" 200 1116   P    
75.113.188.234 - - [09/Jan/2017:22:30:43 +0100] "PATCH /foo?appID=xxxx H/1.02" 200 1116   C
200.19.168.148 - - [09/Jan/2017:22:57:11 +0100] "POST /foo?appID=xxx HTTP/1.0" 200 3471   T
199.37.162.156 - - [09/Jan/2017:22:42:18 +0100] "PATCH /1/display/pt HTTP/1.0" 200 2477   A 
207.243.219.32 - - [09/Jan/2017:22:38:03 +0100] "DELETE /create/foo/ HTTP/1.0" 200 1116   L     
163.156.215.58 - - [09/Jan/2017:22:29:57 +0100] "PATCH /2/waldisplay HTTP/1.0" 200 3240   T
164.156.215.58 - - [09/Jan/2017:22:29:57 +0100] "POST /2/display/sno HTTP/1.0" 200 3240   B
75.113.188.234 - - [09/Jan/2017:22:30:43 +0100] "DELETE /?appID=xxxx HTTP/1.0" 200 1116   R
164.156.215.58 - - [09/Jan/2017:22:29:57 +0100] "POST /2/display/sno HTTP/1.0" 200 3240   B
75.113.188.234 - - [09/Jan/2017:22:30:43 +0100] "PATCH /foo?appID=xxxx H/1.02" 200 1116   C
200.19.168.148 - - [09/Jan/2017:22:57:11 +0100] "POST /foo?appID=xxx HTTP/1.0" 200 3471   T
199.37.162.156 - - [09/Jan/2017:22:42:18 +0100] "PATCH /1/rmrf./yes/ HTTP/1.0" 200 2477   G 
199.37.162.156 - - [09/Jan/2017:22:42:18 +0100] "PATCH /1/display/pt HTTP/1.0" 200 2477   A 
69.216.140.148 - - [09/Jan/2017:22:34:33 +0100] "POST /delete/all/rm HTTP/1.0" 500 3471   E     
163.156.215.58 - - [09/Jan/2017:22:29:57 +0100] "PATCH /2/waldisplay HTTP/1.0" 200 3240   T
200.19.168.148 - - [09/Jan/2017:22:57:11 +0100] "POST /foo?appID=xxx HTTP/1.0" 200 3471   T
200.19.168.148 - - [09/Jan/2017:22:57:11 +0100] "POST /foo?appID=xxx HTTP/1.0" 200 3471   T
69.216.140.148 - - [09/Jan/2017:22:34:33 +0100] "DELETE /create/tree HTTP/1.0" 500 3471   V    
200.19.168.148 - - [09/Jan/2017:22:57:11 +0100] "POST /foo?appID=xxx HTTP/1.0" 200 3471   T
199.37.162.156 - - [09/Jan/2017:22:42:18 +0100] "PATCH /1/rmrf./yes/ HTTP/1.0" 200 2477   G 
69.216.140.148 - - [09/Jan/2017:22:34:33 +0100] "POST /delete/all/rm HTTP/1.0" 500 3471   E     
251.111.10.143 - - [09/Jan/2017:22:49:02 +0100] "POST /foo?appID=xxx HTTP/1.0" 200 2472   D
207.243.219.32 - - [09/Jan/2017:22:38:03 +0100] "PUT /create/all/img HTTP/1.0" 200 1116   P    
199.37.162.156 - - [09/Jan/2017:22:42:18 +0100] "PATCH /1/display/pt HTTP/1.0" 200 2477   A 
69.216.140.148 - - [09/Jan/2017:22:34:33 +0100] "DELETE /create/tree HTTP/1.0" 500 3471   V    
200.19.168.148 - - [09/Jan/2017:22:57:11 +0100] "POST /foo?appID=xxx HTTP/1.0" 200 3471   T
69.216.140.148 - - [09/Jan/2017:22:34:33 +0100] "DELETE /create/tree HTTP/1.0" 500 3471   V    
207.243.219.32 - - [09/Jan/2017:22:38:03 +0100] "PUT /create/all/img HTTP/1.0" 200 1116   P    
164.156.215.58 - - [09/Jan/2017:22:29:57 +0100] "POST /2/display/sno HTTP/1.0" 200 3240   B
164.156.215.58 - - [09/Jan/2017:22:29:57 +0100] "POST /2/display/sno HTTP/1.0" 200 3240   B
199.37.162.156 - - [09/Jan/2017:22:42:18 +0100] "PATCH /1/rmrf./yes/ HTTP/1.0" 200 2477   G 
207.243.219.32 - - [09/Jan/2017:22:38:03 +0100] "PUT /create/all/img HTTP/1.0" 200 1116   P    
225.219.54.140 - - [09/Jan/2017:22:35:30 +0100] "PUT /foo?appID=xxxx HTTP/1.0" 500 2477   N
75.113.188.234 - - [09/Jan/2017:22:30:43 +0100] "PATCH /foo?appID=xxxx H/1.02" 200 1116   C
251.111.10.143 - - [09/Jan/2017:22:49:02 +0100] "POST /foo?appID=xxx HTTP/1.0" 200 2472   D
207.243.219.32 - - [09/Jan/2017:22:38:03 +0100] "PUT /create/all/img HTTP/1.0" 200 1116   P    
225.219.54.140 - - [09/Jan/2017:22:35:30 +0100] "PUT /foo?appID=xxxx HTTP/1.0" 500 2477   F
69.216.140.148 - - [09/Jan/2017:22:34:33 +0100] "DELETE /create/tree HTTP/1.0" 500 3471   V    
163.156.215.58 - - [09/Jan/2017:22:29:57 +0100] "PATCH /2/waldisplay HTTP/1.0" 200 3240   T
225.219.54.140 - - [09/Jan/2017:22:35:30 +0100] "PUT /foo?appID=xxxx HTTP/1.0" 500 2477   F
207.243.219.32 - - [09/Jan/2017:22:38:03 +0100] "DELETE /create/foo/ HTTP/1.0" 200 1116   L     
199.37.162.156 - - [09/Jan/2017:22:42:18 +0100] "PATCH /1/display/pt HTTP/1.0" 200 2477   A 
207.243.219.32 - - [09/Jan/2017:22:38:03 +0100] "DELETE /create/foo/ HTTP/1.0" 200 1116   L     
69.216.140.148 - - [09/Jan/2017:22:34:33 +0100] "POST /delete/all/rm HTTP/1.0" 500 3471   E     
225.219.54.140 - - [09/Jan/2017:22:35:30 +0100] "PUT /foo?appID=xxxx HTTP/1.0" 500 2477   N
207.243.219.32 - - [09/Jan/2017:22:38:03 +0100] "DELETE /create/foo/ HTTP/1.0" 200 1116   L     
225.219.54.140 - - [09/Jan/2017:22:35:30 +0100] "PUT /foo?appID=xxxx HTTP/1.0" 500 2477   N
75.113.188.234 - - [09/Jan/2017:22:30:43 +0100] "DELETE /?appID=xxxx HTTP/1.0" 200 1116   R
164.156.215.58 - - [09/Jan/2017:22:29:57 +0100] "POST /2/display/sno HTTP/1.0" 200 3240   B
163.156.215.58 - - [09/Jan/2017:22:29:57 +0100] "PATCH /2/waldisplay HTTP/1.0" 200 3240   T
200.19.168.148 - - [09/Jan/2017:22:57:11 +0100] "POST /foo?appID=xxx HTTP/1.0" 200 3471   T
164.156.215.58 - - [09/Jan/2017:22:29:57 +0100] "POST /2/display/sno HTTP/1.0" 200 3240   B
164.156.215.58 - - [09/Jan/2017:22:29:57 +0100] "POST /2/display/sno HTTP/1.0" 200 3240   B
251.111.10.143 - - [09/Jan/2017:22:49:02 +0100] "POST /foo?appID=xxx HTTP/1.0" 200 2472   D
69.216.140.148 - - [09/Jan/2017:22:34:33 +0100] "DELETE /create/tree HTTP/1.0" 500 3471   V    
69.216.140.148 - - [09/Jan/2017:22:34:33 +0100] "DELETE /create/tree HTTP/1.0" 500 3471   V    
75.113.188.234 - - [09/Jan/2017:22:30:43 +0100] "DELETE /?appID=xxxx HTTP/1.0" 200 1116   R
251.111.10.143 - - [09/Jan/2017:22:49:02 +0100] "POST /foo?appID=xxx HTTP/1.0" 200 2472   D
251.111.10.143 - - [09/Jan/2017:22:49:02 +0100] "POST /foo?appID=xxx HTTP/1.0" 200 2472   D
207.243.219.32 - - [09/Jan/2017:22:38:03 +0100] "PUT /create/all/img HTTP/1.0" 200 1116   P    
225.219.54.140 - - [09/Jan/2017:22:35:30 +0100] "PUT /foo?appID=xxxx HTTP/1.0" 500 2477   N
207.243.219.32 - - [09/Jan/2017:22:38:03 +0100] "PUT /create/all/img HTTP/1.0" 200 1116   P    
199.37.162.156 - - [09/Jan/2017:22:42:18 +0100] "PATCH /1/display/pt HTTP/1.0" 200 2477   A 
200.19.168.148 - - [09/Jan/2017:22:57:11 +0100] "POST /foo?appID=xxx HTTP/1.0" 200 3471   T
163.156.215.58 - - [09/Jan/2017:22:29:57 +0100] "PATCH /2/waldisplay HTTP/1.0" 200 3240   T
199.37.162.156 - - [09/Jan/2017:22:42:18 +0100] "PATCH /1/display/pt HTTP/1.0" 200 2477   A 
200.19.168.148 - - [09/Jan/2017:22:57:11 +0100] "POST /foo?appID=xxx HTTP/1.0" 200 3471   T
75.113.188.234 - - [09/Jan/2017:22:30:43 +0100] "DELETE /?appID=xxxx HTTP/1.0" 200 1116   R
75.113.188.234 - - [09/Jan/2017:22:30:43 +0100] "DELETE /?appID=xxxx HTTP/1.0" 200 1116   R
225.219.54.140 - - [09/Jan/2017:22:35:30 +0100] "PUT /foo?appID=xxxx HTTP/1.0" 500 2477   N
207.243.219.32 - - [09/Jan/2017:22:38:03 +0100] "DELETE /create/foo/ HTTP/1.0" 200 1116   L     
163.156.215.58 - - [09/Jan/2017:22:29:57 +0100] "PATCH /2/waldisplay HTTP/1.0" 200 3240   T
251.111.10.143 - - [09/Jan/2017:22:49:02 +0100] "POST /foo?appID=xxx HTTP/1.0" 200 2472   D
69.216.140.148 - - [09/Jan/2017:22:34:33 +0100] "POST /delete/all/rm HTTP/1.0" 500 3471   E     
199.37.162.156 - - [09/Jan/2017:22:42:18 +0100] "PATCH /1/display/pt HTTP/1.0" 200 2477   A 
225.219.54.140 - - [09/Jan/2017:22:35:30 +0100] "PUT /foo?appID=xxxx HTTP/1.0" 500 2477   N
75.113.188.234 - - [09/Jan/2017:22:30:43 +0100] "DELETE /?appID=xxxx HTTP/1.0" 200 1116   R
207.243.219.32 - - [09/Jan/2017:22:38:03 +0100] "PUT /create/all/img HTTP/1.0" 200 1116   P    
164.156.215.58 - - [09/Jan/2017:22:29:57 +0100] "POST /2/display/sno HTTP/1.0" 200 3240   B
251.111.10.143 - - [09/Jan/2017:22:49:02 +0100] "POST /foo?appID=xxx HTTP/1.0" 200 2472   D
75.113.188.234 - - [09/Jan/2017:22:30:43 +0100] "PATCH /foo?appID=xxxx H/1.02" 200 1116   C
75.113.188.234 - - [09/Jan/2017:22:30:43 +0100] "DELETE /?appID=xxxx HTTP/1.0" 200 1116   R
163.156.215.58 - - [09/Jan/2017:22:29:57 +0100] "PATCH /2/waldisplay HTTP/1.0" 200 3240   T
69.216.140.148 - - [09/Jan/2017:22:34:33 +0100] "DELETE /create/tree HTTP/1.0" 500 3471   V    
225.219.54.140 - - [09/Jan/2017:22:35:30 +0100] "PUT /foo?appID=xxxx HTTP/1.0" 500 2477   F
69.216.140.148 - - [09/Jan/2017:22:34:33 +0100] "DELETE /create/tree HTTP/1.0" 500 3471   V    
251.111.10.143 - - [09/Jan/2017:22:49:02 +0100] "POST /foo?appID=xxx HTTP/1.0" 200 2472   D
225.219.54.140 - - [09/Jan/2017:22:35:30 +0100] "PUT /foo?appID=xxxx HTTP/1.0" 500 2477   N
207.243.219.32 - - [09/Jan/2017:22:38:03 +0100] "DELETE /create/foo/ HTTP/1.0" 200 1116   L     
199.37.162.156 - - [09/Jan/2017:22:42:18 +0100] "PATCH /1/display/pt HTTP/1.0" 200 2477   A 
225.219.54.140 - - [09/Jan/2017:22:35:30 +0100] "PUT /foo?appID=xxxx HTTP/1.0" 500 2477   N
225.219.54.140 - - [09/Jan/2017:22:35:30 +0100] "PUT /foo?appID=xxxx HTTP/1.0" 500 2477   F
207.243.219.32 - - [09/Jan/2017:22:38:03 +0100] "DELETE /create/foo/ HTTP/1.0" 200 1116   L     
164.156.215.58 - - [09/Jan/2017:22:29:57 +0100] "POST /2/display/sno HTTP/1.0" 200 3240   B
163.156.215.58 - - [09/Jan/2017:22:29:57 +0100] "PATCH /2/waldisplay HTTP/1.0" 200 3240   T
207.243.219.32 - - [09/Jan/2017:22:38:03 +0100] "DELETE /create/foo/ HTTP/1.0" 200 1116   L     
200.19.168.148 - - [09/Jan/2017:22:57:11 +0100] "POST /foo?appID=xxx HTTP/1.0" 200 3471   T
69.216.140.148 - - [09/Jan/2017:22:34:33 +0100] "POST /delete/all/rm HTTP/1.0" 500 3471   E     
199.37.162.156 - - [09/Jan/2017:22:42:18 +0100] "PATCH /1/display/pt HTTP/1.0" 200 2477   A 
200.19.168.148 - - [09/Jan/2017:22:57:11 +0100] "POST /foo?appID=xxx HTTP/1.0" 200 3471   T
69.216.140.148 - - [09/Jan/2017:22:34:33 +0100] "DELETE /create/tree HTTP/1.0" 500 3471   V    
69.216.140.148 - - [09/Jan/2017:22:34:33 +0100] "POST /delete/all/rm HTTP/1.0" 500 3471   E     
225.219.54.140 - - [09/Jan/2017:22:35:30 +0100] "PUT /foo?appID=xxxx HTTP/1.0" 500 2477   N
75.113.188.234 - - [09/Jan/2017:22:30:43 +0100] "PATCH /foo?appID=xxxx H/1.02" 200 1116   C
75.113.188.234 - - [09/Jan/2017:22:30:43 +0100] "DELETE /?appID=xxxx HTTP/1.0" 200 1116   R
199.37.162.156 - - [09/Jan/2017:22:42:18 +0100] "PATCH /1/display/pt HTTP/1.0" 200 2477   A 
199.37.162.156 - - [09/Jan/2017:22:42:18 +0100] "PATCH /1/rmrf./yes/ HTTP/1.0" 200 2477   G 
251.111.10.143 - - [09/Jan/2017:22:49:02 +0100] "POST /foo?appID=xxx HTTP/1.0" 200 2472   D
163.156.215.58 - - [09/Jan/2017:22:29:57 +0100] "PATCH /2/waldisplay HTTP/1.0" 200 3240   T
200.19.168.148 - - [09/Jan/2017:22:57:11 +0100] "POST /foo?appID=xxx HTTP/1.0" 200 3471   T
69.216.140.148 - - [09/Jan/2017:22:34:33 +0100] "POST /delete/all/rm HTTP/1.0" 500 3471   E     
207.243.219.32 - - [09/Jan/2017:22:38:03 +0100] "DELETE /create/foo/ HTTP/1.0" 200 1116   L     
164.156.215.58 - - [09/Jan/2017:22:29:57 +0100] "POST /2/display/sno HTTP/1.0" 200 3240   B
207.243.219.32 - - [09/Jan/2017:22:38:03 +0100] "PUT /create/all/img HTTP/1.0" 200 1116   P    
225.219.54.140 - - [09/Jan/2017:22:35:30 +0100] "PUT /foo?appID=xxxx HTTP/1.0" 500 2477   F
199.37.162.156 - - [09/Jan/2017:22:42:18 +0100] "PATCH /1/rmrf./yes/ HTTP/1.0" 200 2477   G 
75.113.188.234 - - [09/Jan/2017:22:30:43 +0100] "PATCH /foo?appID=xxxx H/1.02" 200 1116   C
225.219.54.140 - - [09/Jan/2017:22:35:30 +0100] "PUT /foo?appID=xxxx HTTP/1.0" 500 2477   F
199.37.162.156 - - [09/Jan/2017:22:42:18 +0100] "PATCH /1/rmrf./yes/ HTTP/1.0" 200 2477   G 
200.19.168.148 - - [09/Jan/2017:22:57:11 +0100] "POST /foo?appID=xxx HTTP/1.0" 200 3471   T
69.216.140.148 - - [09/Jan/2017:22:34:33 +0100] "POST /delete/all/rm HTTP/1.0" 500 3471   E     
200.19.168.148 - - [09/Jan/2017:22:57:11 +0100] "POST /foo?appID=xxx HTTP/1.0" 200 3471   T
225.219.54.140 - - [09/Jan/2017:22:35:30 +0100] "PUT /foo?appID=xxxx HTTP/1.0" 500 2477   F
69.216.140.148 - - [09/Jan/2017:22:34:33 +0100] "DELETE /create/tree HTTP/1.0" 500 3471   V    
199.37.162.156 - - [09/Jan/2017:22:42:18 +0100] "PATCH /1/display/pt HTTP/1.0" 200 2477   A 
75.113.188.234 - - [09/Jan/2017:22:30:43 +0100] "PATCH /foo?appID=xxxx H/1.02" 200 1116   C
199.37.162.156 - - [09/Jan/2017:22:42:18 +0100] "PATCH /1/rmrf./yes/ HTTP/1.0" 200 2477   G 
199.37.162.156 - - [09/Jan/2017:22:42:18 +0100] "PATCH /1/display/pt HTTP/1.0" 200 2477   A 
69.216.140.148 - - [09/Jan/2017:22:34:33 +0100] "POST /delete/all/rm HTTP/1.0" 500 3471   E     
75.113.188.234 - - [09/Jan/2017:22:30:43 +0100] "PATCH /foo?appID=xxxx H/1.02" 200 1116   C
207.243.219.32 - - [09/Jan/2017:22:38:03 +0100] "PUT /create/all/img HTTP/1.0" 200 1116   P    
75.113.188.234 - - [09/Jan/2017:22:30:43 +0100] "PATCH /foo?appID=xxxx H/1.02" 200 1116   C
75.113.188.234 - - [09/Jan/2017:22:30:43 +0100] "DELETE /?appID=xxxx HTTP/1.0" 200 1116   R
225.219.54.140 - - [09/Jan/2017:22:35:30 +0100] "PUT /foo?appID=xxxx HTTP/1.0" 500 2477   F
199.37.162.156 - - [09/Jan/2017:22:42:18 +0100] "PATCH /1/display/pt HTTP/1.0" 200 2477   A 
199.37.162.156 - - [09/Jan/2017:22:42:18 +0100] "PATCH /1/display/pt HTTP/1.0" 200 2477   A 
75.113.188.234 - - [09/Jan/2017:22:30:43 +0100] "PATCH /foo?appID=xxxx H/1.02" 200 1116   C
207.243.219.32 - - [09/Jan/2017:22:38:03 +0100] "PUT /create/all/img HTTP/1.0" 200 1116   P    
225.219.54.140 - - [09/Jan/2017:22:35:30 +0100] "PUT /foo?appID=xxxx HTTP/1.0" 500 2477   F
207.243.219.32 - - [09/Jan/2017:22:38:03 +0100] "DELETE /create/foo/ HTTP/1.0" 200 1116   L     
69.216.140.148 - - [09/Jan/2017:22:34:33 +0100] "POST /delete/all/rm HTTP/1.0" 500 3471   E     
75.113.188.234 - - [09/Jan/2017:22:30:43 +0100] "DELETE /?appID=xxxx HTTP/1.0" 200 1116   R
225.219.54.140 - - [09/Jan/2017:22:35:30 +0100] "PUT /foo?appID=xxxx HTTP/1.0" 500 2477   F
69.216.140.148 - - [09/Jan/2017:22:34:33 +0100] "DELETE /create/tree HTTP/1.0" 500 3471   V    
251.111.10.143 - - [09/Jan/2017:22:49:02 +0100] "POST /foo?appID=xxx HTTP/1.0" 200 2472   D
207.243.219.32 - - [09/Jan/2017:22:38:03 +0100] "GET /create/desoliniHTTP/1.0" 200 1116   I
225.219.54.140 - - [09/Jan/2017:22:35:30 +0100] "PUT /foo?appID=xxxx HTTP/1.0" 500 2477   F
75.113.188.234 - - [09/Jan/2017:22:30:43 +0100] "DELETE /?appID=xxxx HTTP/1.0" 200 1116   R
251.111.10.143 - - [09/Jan/2017:22:49:02 +0100] "POST /foo?appID=xxx HTTP/1.0" 200 2472   D
207.243.219.32 - - [09/Jan/2017:22:38:03 +0100] "PUT /create/all/img HTTP/1.0" 200 1116   P    
75.113.188.234 - - [09/Jan/2017:22:30:43 +0100] "PATCH /foo?appID=xxxx H/1.02" 200 1116   C
75.113.188.234 - - [09/Jan/2017:22:30:43 +0100] "PATCH /foo?appID=xxxx H/1.02" 200 1116   C
207.243.219.32 - - [09/Jan/2017:22:38:03 +0100] "DELETE /create/foo/ HTTP/1.0" 200 1116   L     
199.37.162.156 - - [09/Jan/2017:22:42:18 +0100] "PATCH /1/rmrf./yes/ HTTP/1.0" 200 2477   G 
69.216.140.148 - - [09/Jan/2017:22:34:33 +0100] "POST /delete/all/rm HTTP/1.0" 500 3471   E     
200.19.168.148 - - [09/Jan/2017:22:57:11 +0100] "POST /foo?appID=xxx HTTP/1.0" 200 3471   T
251.111.10.143 - - [09/Jan/2017:22:49:02 +0100] "POST /foo?appID=xxx HTTP/1.0" 200 2472   D
75.113.188.234 - - [09/Jan/2017:22:30:43 +0100] "DELETE /?appID=xxxx HTTP/1.0" 200 1116   R
199.37.162.156 - - [09/Jan/2017:22:42:18 +0100] "PATCH /1/rmrf./yes/ HTTP/1.0" 200 2477   G 
251.111.10.143 - - [09/Jan/2017:22:49:02 +0100] "POST /foo?appID=xxx HTTP/1.0" 200 2472   D
69.216.140.148 - - [09/Jan/2017:22:34:33 +0100] "POST /delete/all/rm HTTP/1.0" 500 3471   E     
199.37.162.156 - - [09/Jan/2017:22:42:18 +0100] "PATCH /1/display/pt HTTP/1.0" 200 2477   A 
163.156.215.58 - - [09/Jan/2017:22:29:57 +0100] "PATCH /2/waldisplay HTTP/1.0" 200 3240   T
207.243.219.32 - - [09/Jan/2017:22:38:03 +0100] "DELETE /create/foo/ HTTP/1.0" 200 1116   L     
225.219.54.140 - - [09/Jan/2017:22:35:30 +0100] "PUT /foo?appID=xxxx HTTP/1.0" 500 2477   F
199.37.162.156 - - [09/Jan/2017:22:42:18 +0100] "PATCH /1/rmrf./yes/ HTTP/1.0" 200 2477   G 
199.37.162.156 - - [09/Jan/2017:22:42:18 +0100] "PATCH /1/display/pt HTTP/1.0" 200 2477   A 
251.111.10.143 - - [09/Jan/2017:22:49:02 +0100] "POST /foo?appID=xxx HTTP/1.0" 200 2472   D
69.216.140.148 - - [09/Jan/2017:22:34:33 +0100] "POST /delete/all/rm HTTP/1.0" 500 3471   E     
69.216.140.148 - - [09/Jan/2017:22:34:33 +0100] "POST /delete/all/rm HTTP/1.0" 500 3471   E     
163.156.215.58 - - [09/Jan/2017:22:29:57 +0100] "PATCH /2/waldisplay HTTP/1.0" 200 3240   T
75.113.188.234 - - [09/Jan/2017:22:30:43 +0100] "PATCH /foo?appID=xxxx H/1.02" 200 1116   C
207.243.219.32 - - [09/Jan/2017:22:38:03 +0100] "DELETE /create/foo/ HTTP/1.0" 200 1116   L     
69.216.140.148 - - [09/Jan/2017:22:34:33 +0100] "POST /delete/all/rm HTTP/1.0" 500 3471   E     
163.156.215.58 - - [09/Jan/2017:22:29:57 +0100] "PATCH /2/waldisplay HTTP/1.0" 200 3240   T
199.37.162.156 - - [09/Jan/2017:22:42:18 +0100] "PATCH /1/rmrf./yes/ HTTP/1.0" 200 2477   G 
164.156.215.58 - - [09/Jan/2017:22:29:57 +0100] "POST /2/display/sno HTTP/1.0" 200 3240   B
69.216.140.148 - - [09/Jan/2017:22:34:33 +0100] "POST /delete/all/rm HTTP/1.0" 500 3471   E     
75.113.188.234 - - [09/Jan/2017:22:30:43 +0100] "DELETE /?appID=xxxx HTTP/1.0" 200 1116   R
199.37.162.156 - - [09/Jan/2017:22:42:18 +0100] "PATCH /1/rmrf./yes/ HTTP/1.0" 200 2477   G 
199.37.162.156 - - [09/Jan/2017:22:42:18 +0100] "PATCH /1/display/pt HTTP/1.0" 200 2477   A 
69.216.140.148 - - [09/Jan/2017:22:34:33 +0100] "DELETE /create/tree HTTP/1.0" 500 3471   V    
200.19.168.148 - - [09/Jan/2017:22:57:11 +0100] "POST /foo?appID=xxx HTTP/1.0" 200 3471   T
200.19.168.148 - - [09/Jan/2017:22:57:11 +0100] "POST /foo?appID=xxx HTTP/1.0" 200 3471   T
199.37.162.156 - - [09/Jan/2017:22:42:18 +0100] "PATCH /1/display/pt HTTP/1.0" 200 2477   A 
207.243.219.32 - - [09/Jan/2017:22:38:03 +0100] "DELETE /create/foo/ HTTP/1.0" 200 1116   L     
251.111.10.143 - - [09/Jan/2017:22:49:02 +0100] "POST /foo?appID=xxx HTTP/1.0" 200 2472   D
199.37.162.156 - - [09/Jan/2017:22:42:18 +0100] "PATCH /1/rmrf./yes/ HTTP/1.0" 200 2477   G 
164.156.215.58 - - [09/Jan/2017:22:29:57 +0100] "POST /2/display/sno HTTP/1.0" 200 3240   B
